<?xml version="1.0" encoding="UTF-8"?>
<TestRun id="17b2055a-bf53-4f78-a380-224d81ab9239" name="Nick@NICK-PC 2010-04-30 11:38:02" runUser="NICK-PC\Nick" xmlns="http://microsoft.com/schemas/VisualStudio/TeamTest/2006">
  <TestRunConfiguration name="Local Test Run" id="7cbad126-7cfa-403e-8ab3-d2aca0177fe4">
    <Description>This is a default test run configuration for a local test run.</Description>
    <Deployment runDeploymentRoot="F:\Nick\UMassBoston\CS682\SVN\SourceCode\See3PO\TestResults\Nick_NICK-PC 2010-04-30 11_38_02">
      <DeploymentItem filename="F:\Nick\UMassBoston\CS682\SVN\SourceCode\See3PO\PathFinding.dll" />
      <DeploymentItem filename="F:\Nick\UMassBoston\CS682\SVN\SourceCode\See3PO\Host\bin\Debug\QuickGraph.dll" />
      <DeploymentItem filename="F:\Nick\UMassBoston\CS682\SVN\SourceCode\RobotHost\bin\Debug\RobotCommands.dll" />
      <DeploymentItem filename="F:\Nick\UMassBoston\CS682\SVN\SourceCode\FloorPlanAndTile\FloorPlanAndTile\FloorPlanAndTile\bin\Debug\FloorPlanAndTile.dll" />
      <DeploymentItem filename="F:\Nick\UMassBoston\CS682\SVN\SourceCode\See3PO\Host\bin\Debug\Nexus3Input.dll" />
      <DeploymentItem filename="F:\Nick\UMassBoston\CS682\SVN\SourceCode\RobotHost\bin\Debug\RobotHost.dll" />
      <DeploymentItem filename="F:\Nick\UMassBoston\CS682\SVN\SourceCode\See3PO\Host\bin\Debug\See3PO.dll" />
    </Deployment>
    <TestTypeSpecific />
  </TestRunConfiguration>
  <ResultSummary outcome="Completed">
    <Counters total="2" executed="2" passed="2" error="0" failed="0" timeout="0" aborted="0" inconclusive="0" passedButRunAborted="0" notRunnable="0" notExecuted="0" disconnected="0" warning="0" completed="0" inProgress="0" pending="0" />
  </ResultSummary>
  <Times creation="2010-04-30T11:38:02.7187500-04:00" queuing="2010-04-30T11:38:05.7031250-04:00" start="2010-04-30T11:38:06.2812500-04:00" finish="2010-04-30T11:38:15.5468750-04:00" />
  <TestDefinitions>
    <UnitTest name="RequestImageTest" storage="f:\nick\umassboston\cs682\svn\sourcecode\see3po\see3potest\bin\debug\see3potest.dll" id="093b37ea-7017-100d-520c-2108b63aa2c0">
      <Css projectStructure="" iteration="" />
      <Owners>
        <Owner name="" />
      </Owners>
      <DeploymentItems>
        <DeploymentItem filename="See3PO.dll" />
      </DeploymentItems>
      <Execution id="1012333a-bbac-4e30-bd3a-8f2db835a641" />
      <TestMethod codeBase="F:\Nick\UMassBoston\CS682\SVN\SourceCode\See3PO\See3POTest\bin\Debug\See3POTest.dll" adapterTypeName="Microsoft.VisualStudio.TestTools.TestTypes.Unit.UnitTestAdapter, Microsoft.VisualStudio.QualityTools.Tips.UnitTest.Adapter, Version=9.0.0.0, Culture=neutral, PublicKeyToken=b03f5f7f11d50a3a" className="See3POTest.HostTest, See3POTest" name="RequestImageTest" />
    </UnitTest>
    <UnitTest name="isConnectedTest" storage="f:\nick\umassboston\cs682\svn\sourcecode\see3po\see3potest\bin\debug\see3potest.dll" id="689555cd-f3f5-0b49-4120-20be7e97bc1f">
      <Css projectStructure="" iteration="" />
      <Owners>
        <Owner name="" />
      </Owners>
      <Execution id="232d19d4-615f-499b-9be8-05d4f57f8d5c" />
      <TestMethod codeBase="F:\Nick\UMassBoston\CS682\SVN\SourceCode\See3PO\See3POTest\bin\Debug\See3POTest.dll" adapterTypeName="Microsoft.VisualStudio.TestTools.TestTypes.Unit.UnitTestAdapter, Microsoft.VisualStudio.QualityTools.Tips.UnitTest.Adapter, Version=9.0.0.0, Culture=neutral, PublicKeyToken=b03f5f7f11d50a3a" className="See3POTest.HostTest, See3POTest" name="isConnectedTest" />
    </UnitTest>
  </TestDefinitions>
  <TestLists>
    <TestList name="Results Not in a List" id="8c84fa94-04c1-424b-9868-57a2d4851a1d" />
    <TestList name="All Loaded Results" id="19431567-8539-422a-85d7-44ee4e166bda" />
  </TestLists>
  <TestEntries>
    <TestEntry testId="093b37ea-7017-100d-520c-2108b63aa2c0" executionId="1012333a-bbac-4e30-bd3a-8f2db835a641" testListId="8c84fa94-04c1-424b-9868-57a2d4851a1d" />
    <TestEntry testId="689555cd-f3f5-0b49-4120-20be7e97bc1f" executionId="232d19d4-615f-499b-9be8-05d4f57f8d5c" testListId="8c84fa94-04c1-424b-9868-57a2d4851a1d" />
  </TestEntries>
  <Results>
    <UnitTestResult executionId="1012333a-bbac-4e30-bd3a-8f2db835a641" testId="093b37ea-7017-100d-520c-2108b63aa2c0" testName="RequestImageTest" computerName="NICK-PC" duration="00:00:08.3077159" startTime="2010-04-30T11:38:06.3593750-04:00" endTime="2010-04-30T11:38:15.2968750-04:00" testType="13cdc9d9-ddb5-4fa4-a97d-d965ccfc6d4b" outcome="Passed" testListId="8c84fa94-04c1-424b-9868-57a2d4851a1d">
      <Output>
      </Output>
    </UnitTestResult>
    <UnitTestResult executionId="232d19d4-615f-499b-9be8-05d4f57f8d5c" testId="689555cd-f3f5-0b49-4120-20be7e97bc1f" testName="isConnectedTest" computerName="NICK-PC" duration="00:00:00.0002919" startTime="2010-04-30T11:38:15.2968750-04:00" endTime="2010-04-30T11:38:15.2968750-04:00" testType="13cdc9d9-ddb5-4fa4-a97d-d965ccfc6d4b" outcome="Passed" testListId="8c84fa94-04c1-424b-9868-57a2d4851a1d">
      <Output>
      </Output>
    </UnitTestResult>
  </Results>
</TestRun>